2021-04-22 01:36:57 INFO  Info:78 - vlcj: 3.12.1
2021-04-22 01:36:57 INFO  Info:79 - java: 1.8.0_261 Oracle Corporation
2021-04-22 01:36:57 INFO  Info:80 - java home: C:\Program Files\Java\jdk1.8.0_261\jre
2021-04-22 01:36:57 INFO  Info:81 - os: Windows 10 10.0 amd64
2021-04-22 01:36:57 DEBUG NativeDiscovery:105 - discover()
2021-04-22 01:36:57 DEBUG NativeDiscovery:108 - jnaLibraryPath=null
2021-04-22 01:36:57 DEBUG NativeDiscovery:113 - discoveryStrategy=uk.co.caprica.vlcj.discovery.linux.DefaultLinuxNativeDiscoveryStrategy@77dc514c
2021-04-22 01:36:57 DEBUG NativeDiscovery:116 - supported=false
2021-04-22 01:36:57 DEBUG NativeDiscovery:113 - discoveryStrategy=uk.co.caprica.vlcj.discovery.windows.DefaultWindowsNativeDiscoveryStrategy@5be44379
2021-04-22 01:36:57 DEBUG NativeDiscovery:116 - supported=true
2021-04-22 01:36:57 DEBUG AbstractNativeDiscoveryStrategy:64 - discover()
2021-04-22 01:36:57 DEBUG WindowsRuntimeUtil:62 - getVlcInstallDir()
2021-04-22 01:36:57 DEBUG AbstractNativeDiscoveryStrategy:69 - directoryNames=[C:\Program Files\VideoLAN\VLC, D:\jar\Java Swing Tween Engine, C:\Program Files (x86)\Common Files\Intel\Shared Libraries\redist\intel64_win\compiler, C:\ProgramData\Oracle\Java\javapath, C:\Program Files\Common Files\Oracle\Java\javapath, C:\Program Files (x86)\Razer Chroma SDK\bin, C:\Program Files\Razer Chroma SDK\bin, C:\Program Files (x86)\Common Files\Oracle\Java\javapath, C:\Program Files (x86)\Razer\ChromaBroadcast\bin, C:\Program Files\Razer\ChromaBroadcast\bin, C:\Windows\system32, C:\Windows, C:\Windows\System32\Wbem, C:\Windows\System32\WindowsPowerShell\v1.0\, C:\Windows\System32\OpenSSH\, C:\Windows\system32\config\systemprofile\AppData\Local\Microsoft\WindowsApps, C:\Program Files\PuTTY\, C:\Program Files\Git\cmd, E:\Program Files (x86)\Microsoft Visual Studio\Shared\Python37_64\Scripts, C:\Program Files\dotnet\, "C:\Program Files\Java\jre1.8.0_261%\bin, C:\Program Files\Java\jre1.8.0_261\jre\bin, ", C:\Program Files (x86)\dotnet\, C:\WINDOWS\system32, C:\WINDOWS, C:\WINDOWS\System32\Wbem, C:\WINDOWS\System32\WindowsPowerShell\v1.0\, C:\WINDOWS\System32\OpenSSH\, C:\Users\koro\AppData\Local\Microsoft\WindowsApps, C:\Program Files\Bandizip\, C:\Users\koro\.dotnet\tools]
2021-04-22 01:36:57 DEBUG AbstractNativeDiscoveryStrategy:72 - directoryName=C:\Program Files\VideoLAN\VLC
2021-04-22 01:36:57 DEBUG AbstractNativeDiscoveryStrategy:105 - Matched 'libvlc.dll' in 'C:\Program Files\VideoLAN\VLC'
2021-04-22 01:36:57 DEBUG AbstractNativeDiscoveryStrategy:105 - Matched 'libvlccore.dll' in 'C:\Program Files\VideoLAN\VLC'
2021-04-22 01:36:57 DEBUG AbstractNativeDiscoveryStrategy:108 - Matched all required files
2021-04-22 01:36:57 DEBUG AbstractNativeDiscoveryStrategy:78 - result=C:\Program Files\VideoLAN\VLC
2021-04-22 01:36:57 DEBUG NativeDiscovery:119 - path=C:\Program Files\VideoLAN\VLC
2021-04-22 01:36:57 INFO  NativeDiscovery:121 - Discovery found libvlc at 'C:\Program Files\VideoLAN\VLC'
